// Jest Snapshot v1, https://goo.gl/fbAQLP

exports[`SubForum component match expected snapshot 1`] = `
<SVGInline
  className="steamIconClassName"
  classSuffix="-svg"
  cleanup={Array []}
  cleanupExceptions={Array []}
  component="span"
  svg="test-file-stub"
/>
`;
