// Jest Snapshot v1, https://goo.gl/fbAQLP

exports[`Logotype HOC match expected snapshot 1`] = `
<LogotypePure
  classNames={
    Object {
      "logotype": "logotype-0-0",
      "logotypeContainer": "logotypeContainer-0-1",
    }
  }
  theme="default"
/>
`;

exports[`Logotype Pure component match expected snapshot 1`] = `
<Link
  className="logotypeContainer-0-1"
  replace={false}
  to="/"
>
  <div
    className="logotype-0-0"
  />
</Link>
`;
