// Jest Snapshot v1, https://goo.gl/fbAQLP

exports[`Logotype HOC component match expected snapshot 1`] = `
<LogotypePure
  styles={
    Object {
      "logotype": "default-Logotype-logotype",
      "logotypeContainer": "default-Logotype-logotypeContainer",
    }
  }
/>
`;
