// Jest Snapshot v1, https://goo.gl/fbAQLP

exports[`Paragraph component match expected snapshot 1`] = `
<p>
  Test content
</p>
`;
