// Jest Snapshot v1, https://goo.gl/fbAQLP

exports[`NavigationLinkListItem Pure component match expected snapshot 1`] = `
<li>
  <withStyles(LinkPure)
    className="default-NavigationLinkListItem-link"
    style={Object {}}
    to="/"
  >
    Conference
  </withStyles(LinkPure)>
</li>
`;
