// Jest Snapshot v1, https://goo.gl/fbAQLP

exports[`NavigationLinkArray HOC match expected snapshot 1`] = `
<NavigationLinkArrayPure
  navigationLinkArray={Array []}
  styles={
    Object {
      "list": "list-0-12",
      "separator": "separator-0-13",
    }
  }
/>
`;
