// Jest Snapshot v1, https://goo.gl/fbAQLP

exports[`NavigationLinkItem Pure component match expected snapshot 1`] = `
<li>
  <withStyles(LinkPure)
    className="link-0-0"
    to="/"
  >
    Conference
  </withStyles(LinkPure)>
</li>
`;
