// Jest Snapshot v1, https://goo.gl/fbAQLP

exports[`EmailPure component should match expected snapshot 1`] = `
<a
  className="default-Email-email"
  href="mailto:test"
  rel="nofollow"
>
  test
</a>
`;
