// Jest Snapshot v1, https://goo.gl/fbAQLP

exports[`RootPure component should match expected snapshot 1`] = `
<span
  className="default-Root-root"
>
  content
</span>
`;
