// Jest Snapshot v1, https://goo.gl/fbAQLP

exports[`NewLine component match expected snapshot 1`] = `<br />`;
