// Jest Snapshot v1, https://goo.gl/fbAQLP

exports[`Conference Presentation component match expected snapshot 1`] = `
<div>
  <div>
    Conference Presentation content
  </div>
</div>
`;
