// Jest Snapshot v1, https://goo.gl/fbAQLP

exports[`Media parseTextLineComponentToEmbedLink should return default result if sent correct arguments, but with wrong data 1`] = `
Object {
  "success": false,
  "type": "none",
  "url": "",
}
`;

exports[`Media parseTextLineComponentToEmbedLink should return default result if sent empty array as second argument 1`] = `
Object {
  "success": false,
  "type": "none",
  "url": "",
}
`;

exports[`Media parseTextLineComponentToEmbedLink should return default result if sent wrong first argument 1`] = `
Object {
  "success": false,
  "type": "none",
  "url": "",
}
`;

exports[`Media parseTextLineComponentToEmbedLink should return handled result if data was correct 1`] = `
Object {
  "shortHeight": false,
  "success": true,
  "type": "iframe",
  "url": "https://Valid",
}
`;
