// Jest Snapshot v1, https://goo.gl/fbAQLP

exports[`Container HOC component match expected snapshot 1`] = `
<ContainerPure
  className=""
  styles={
    Object {
      "container": "default-Container-container",
    }
  }
/>
`;
