// Jest Snapshot v1, https://goo.gl/fbAQLP

exports[`MenuButton HOC match expected snapshot 1`] = `
<MenuButtonPure
  onClick={[Function]}
  styles={
    Object {
      ".default-MenuButton-container:focus": "default-MenuButton-container:focus",
      ".default-MenuButton-firstLine.open": "default-MenuButton-firstLine.open",
      ".default-MenuButton-fourthLine.open": "default-MenuButton-fourthLine.open",
      ".default-MenuButton-secondLine.open": "default-MenuButton-secondLine.open",
      ".default-MenuButton-thirdLine.open": "default-MenuButton-thirdLine.open",
      "allLines": "default-MenuButton-allLines",
      "container": "default-MenuButton-container",
      "firstLine": "default-MenuButton-firstLine",
      "fourthLine": "default-MenuButton-fourthLine",
      "secondLine": "default-MenuButton-secondLine",
      "thirdLine": "default-MenuButton-thirdLine",
    }
  }
/>
`;
